Logged at 06/07/2024 16:28:11.
Logged at 06/07/2024 16:28:21.
Logged at 06/07/2024 16:28:31.
Logged at 06/07/2024 16:28:41.
Logged at 06/07/2024 16:28:51.
Logged at 06/07/2024 16:29:01.
Logged at 06/07/2024 16:29:11.
Logged at 06/07/2024 16:30:18.
Logged at 06/07/2024 16:30:28.
Logged at 06/07/2024 16:30:38.
Logged at 06/07/2024 16:30:48.
Logged at 06/07/2024 16:30:58.
Logged at 06/07/2024 16:31:08.
Logged at 06/07/2024 16:31:18.
Logged at 06/07/2024 16:31:28.
Logged at 06/07/2024 16:31:38.
Logged at 06/07/2024 16:31:48.
Logged at 06/07/2024 16:31:58.
Logged at 06/07/2024 16:32:08.
Logged at 06/07/2024 16:32:18.
Logged at 06/07/2024 16:32:28.
Logged at 06/07/2024 16:32:38.
Logged at 06/07/2024 16:32:48.
Logged at 06/07/2024 16:32:58.
Logged at 06/07/2024 16:33:08.
Logged at 06/07/2024 16:33:18.
Logged at 06/07/2024 16:33:28.
Logged at 06/07/2024 16:33:39.
Logged at 06/07/2024 16:33:49.
Logged at 06/07/2024 16:33:59.
Logged at 06/07/2024 16:34:09.
Logged at 06/07/2024 16:34:19.
Logged at 06/07/2024 16:34:29.
Logged at 06/07/2024 16:34:39.
Logged at 06/07/2024 16:34:49.
Logged at 06/07/2024 16:34:59.
Logged at 06/07/2024 16:35:09.
Logged at 06/07/2024 16:35:19.
Logged at 06/07/2024 16:35:29.
Logged at 06/07/2024 16:35:39.
Logged at 06/07/2024 16:35:49.
Logged at 06/07/2024 16:35:59.
Logged at 06/07/2024 16:36:09.
Logged at 06/07/2024 16:36:19.
Logged at 06/07/2024 16:36:29.
Logged at 06/07/2024 16:36:39.
Logged at 06/07/2024 16:36:49.
Logged at 06/07/2024 16:36:59.
Logged at 06/07/2024 16:37:09.
Logged at 06/07/2024 16:37:19.
Logged at 06/07/2024 16:37:29.
Logged at 06/07/2024 16:37:39.
Logged at 06/07/2024 16:37:49.
Logged at 06/07/2024 16:37:59.
Logged at 06/07/2024 16:38:09.
Logged at 06/07/2024 16:38:19.
Logged at 06/07/2024 16:38:29.
Logged at 06/07/2024 16:38:39.
Logged at 06/07/2024 16:38:49.
Logged at 06/07/2024 16:38:59.
Logged at 06/07/2024 16:39:09.
Logged at 06/07/2024 16:39:19.
Logged at 06/07/2024 16:39:29.
Logged at 06/07/2024 16:39:39.
Logged at 06/07/2024 16:39:49.
Logged at 06/07/2024 16:40:00.
Logged at 06/07/2024 16:40:10.
Logged at 06/07/2024 16:40:20.
Logged at 06/07/2024 16:40:30.
Logged at 06/07/2024 16:40:40.
Logged at 06/07/2024 16:40:50.
Logged at 06/07/2024 16:41:00.
Logged at 06/07/2024 16:41:10.
Logged at 06/07/2024 16:41:20.
Logged at 06/07/2024 16:41:30.
Logged at 06/07/2024 16:41:40.
Logged at 06/07/2024 16:41:50.
Logged at 06/07/2024 16:42:00.
Logged at 06/07/2024 16:42:10.
Logged at 06/07/2024 16:42:20.
Logged at 06/07/2024 16:42:30.
Logged at 06/07/2024 16:42:40.
Logged at 06/07/2024 16:42:50.
Logged at 06/07/2024 16:43:00.
Logged at 06/07/2024 16:43:10.
Logged at 06/07/2024 16:43:20.
Logged at 06/07/2024 16:43:30.
Logged at 06/07/2024 16:43:40.
Logged at 06/07/2024 16:43:50.
Logged at 06/07/2024 16:44:00.
Logged at 06/07/2024 16:44:10.
Logged at 06/07/2024 16:44:20.
Logged at 06/07/2024 16:44:30.
Logged at 06/07/2024 16:44:40.
Logged at 06/07/2024 16:44:50.
Logged at 06/07/2024 16:45:00.
Logged at 06/07/2024 16:45:10.
Logged at 06/07/2024 16:45:20.
Logged at 06/07/2024 16:45:30.
Logged at 06/07/2024 16:45:40.
Logged at 06/07/2024 16:45:50.
Logged at 06/07/2024 16:46:00.
Logged at 06/07/2024 16:46:10.
Logged at 06/07/2024 16:46:20.
Logged at 06/07/2024 16:46:30.
Logged at 06/07/2024 16:46:40.
Logged at 06/07/2024 16:46:50.
Logged at 06/07/2024 16:47:00.
Logged at 06/07/2024 16:47:10.
Logged at 06/07/2024 16:47:20.
Logged at 06/07/2024 16:47:30.
Logged at 06/07/2024 16:47:40.
Logged at 06/07/2024 16:47:50.
Logged at 06/07/2024 16:48:00.
Logged at 06/07/2024 16:48:10.
Logged at 06/07/2024 16:48:20.
Logged at 06/07/2024 16:48:30.
Logged at 06/07/2024 16:48:40.
Logged at 06/07/2024 16:48:50.
Logged at 06/07/2024 16:49:00.
Logged at 06/07/2024 16:49:10.
Logged at 06/07/2024 16:49:20.
Logged at 06/07/2024 16:49:30.
Logged at 06/07/2024 16:49:40.
Logged at 06/07/2024 16:49:50.
Logged at 06/07/2024 16:50:00.
Logged at 06/07/2024 16:50:10.
Logged at 06/07/2024 16:50:20.
Logged at 06/07/2024 16:50:30.
Logged at 06/07/2024 16:50:40.
Logged at 06/07/2024 16:50:50.
Logged at 06/07/2024 16:51:00.
Logged at 06/07/2024 16:51:10.
Logged at 06/07/2024 16:51:20.
Logged at 06/07/2024 16:51:30.
Logged at 06/07/2024 16:51:40.
Logged at 06/07/2024 16:51:50.
Logged at 06/07/2024 16:52:00.
Logged at 06/07/2024 16:52:10.
Logged at 06/07/2024 16:52:20.
Logged at 06/07/2024 16:52:30.
Logged at 06/07/2024 16:52:40.
Logged at 06/07/2024 16:52:50.
Logged at 06/07/2024 16:53:00.
Logged at 06/07/2024 16:53:10.
Logged at 06/07/2024 16:53:20.
Logged at 06/07/2024 16:53:30.
Logged at 06/07/2024 16:53:40.
Logged at 06/07/2024 16:53:50.
Logged at 06/07/2024 16:54:00.
Logged at 06/07/2024 16:54:10.
Logged at 06/07/2024 16:54:20.
Logged at 06/07/2024 16:54:30.
Logged at 06/07/2024 16:54:40.
Logged at 06/07/2024 16:54:50.
Logged at 06/07/2024 16:55:01.
Logged at 06/07/2024 16:55:11.
Logged at 06/07/2024 16:55:21.
Logged at 06/07/2024 16:55:31.
Logged at 06/07/2024 16:55:41.
Logged at 06/07/2024 16:55:51.
Logged at 06/07/2024 16:56:01.
Logged at 06/07/2024 16:56:11.
Logged at 06/07/2024 16:56:21.
Logged at 06/07/2024 16:56:31.
Logged at 06/07/2024 16:56:41.
Logged at 06/07/2024 16:56:51.
Logged at 06/07/2024 16:57:01.
Logged at 06/07/2024 16:57:11.
Logged at 06/07/2024 16:57:21.
Logged at 06/07/2024 16:57:31.
Logged at 06/07/2024 16:57:41.
Logged at 06/07/2024 16:57:51.
Logged at 06/07/2024 16:58:01.
Logged at 06/07/2024 16:58:11.
Logged at 06/07/2024 16:58:21.
Logged at 06/07/2024 16:58:31.
Logged at 06/07/2024 16:58:41.
Logged at 06/07/2024 16:58:51.
Logged at 06/07/2024 16:59:01.
Logged at 06/07/2024 16:59:11.
Logged at 06/07/2024 16:59:21.
Logged at 06/07/2024 16:59:31.
Logged at 06/07/2024 16:59:41.
Logged at 06/07/2024 16:59:51.
Logged at 06/07/2024 17:00:01.
Logged at 06/07/2024 17:00:11.
Logged at 06/07/2024 17:00:21.
Logged at 06/07/2024 17:00:31.
Logged at 06/07/2024 17:00:41.
Logged at 06/07/2024 17:00:51.
Logged at 06/07/2024 17:01:01.
Logged at 06/07/2024 17:01:11.
Logged at 06/07/2024 17:01:21.
Logged at 06/07/2024 17:01:31.
Logged at 06/07/2024 17:01:41.
Logged at 06/07/2024 17:01:51.
Logged at 06/07/2024 17:02:01.
Logged at 06/07/2024 17:02:11.
Logged at 06/07/2024 17:02:21.
Logged at 06/07/2024 17:02:31.
Logged at 06/07/2024 17:02:41.
Logged at 06/07/2024 17:02:51.
Logged at 06/07/2024 17:03:01.
Logged at 06/07/2024 17:03:11.
Logged at 06/07/2024 17:03:21.
Logged at 06/07/2024 17:03:31.
Logged at 06/07/2024 17:03:41.
Logged at 06/07/2024 17:03:51.
Logged at 06/07/2024 17:04:01.
Logged at 06/07/2024 17:04:11.
Logged at 06/07/2024 17:04:21.
Logged at 06/07/2024 17:04:31.
Logged at 06/07/2024 17:04:41.
Logged at 06/07/2024 17:04:51.
Logged at 06/07/2024 17:05:01.
Logged at 06/07/2024 17:05:11.
Logged at 06/07/2024 17:05:21.
Logged at 06/07/2024 17:05:31.
Logged at 06/07/2024 17:05:41.
Logged at 06/07/2024 17:05:51.
Logged at 06/07/2024 17:06:01.
Logged at 06/07/2024 17:06:11.
Logged at 06/07/2024 17:06:21.
Logged at 06/07/2024 17:06:31.
Logged at 06/07/2024 17:06:41.
Logged at 06/07/2024 17:06:51.
Logged at 06/07/2024 17:07:01.
Logged at 06/07/2024 17:07:11.
Logged at 06/07/2024 17:07:21.
Logged at 06/07/2024 17:07:31.
Logged at 06/07/2024 17:07:41.
Logged at 06/07/2024 17:07:51.
Logged at 06/07/2024 17:08:01.
Logged at 06/07/2024 17:08:11.
Logged at 06/07/2024 17:08:21.
Logged at 06/07/2024 17:08:31.
Logged at 06/07/2024 17:08:42.
Logged at 06/07/2024 17:08:52.
Logged at 06/07/2024 17:09:02.
Logged at 06/07/2024 17:09:12.
Logged at 06/07/2024 17:09:22.
Logged at 06/07/2024 17:09:32.
Logged at 06/07/2024 17:09:42.
Logged at 06/07/2024 17:09:52.
Logged at 06/07/2024 17:10:02.
Logged at 06/07/2024 17:10:12.
Logged at 06/07/2024 17:10:22.
Logged at 06/07/2024 17:10:32.
Logged at 06/07/2024 17:10:42.
Logged at 06/07/2024 17:10:52.
Logged at 06/07/2024 17:11:02.
Logged at 06/07/2024 17:11:12.
Logged at 06/07/2024 17:11:22.
Logged at 06/07/2024 17:11:32.
Logged at 06/07/2024 17:11:42.
Logged at 06/07/2024 17:11:52.
Logged at 06/07/2024 17:12:02.
Logged at 06/07/2024 17:12:12.
Logged at 06/07/2024 17:12:22.
Logged at 06/07/2024 17:12:32.
Logged at 06/07/2024 17:12:42.
Logged at 06/07/2024 17:12:52.
Logged at 06/07/2024 17:13:02.
Logged at 06/07/2024 17:13:12.
Logged at 06/07/2024 17:13:22.
Logged at 06/07/2024 17:13:32.
Logged at 06/07/2024 17:13:42.
Logged at 06/07/2024 17:13:52.
Logged at 06/07/2024 17:14:02.
Logged at 06/07/2024 17:14:12.
Logged at 06/07/2024 17:14:22.
Logged at 06/07/2024 17:14:32.
Logged at 06/07/2024 17:14:42.
Logged at 06/07/2024 17:14:52.
Logged at 06/07/2024 17:15:02.
Logged at 06/07/2024 17:15:12.
Logged at 06/07/2024 17:15:22.
Logged at 06/07/2024 17:15:32.
Logged at 06/07/2024 17:15:42.
Logged at 06/07/2024 17:15:52.
Logged at 06/07/2024 17:16:02.
Logged at 06/07/2024 17:16:12.
Logged at 06/07/2024 17:16:22.
Logged at 06/07/2024 17:16:32.
Logged at 06/07/2024 17:16:42.
Logged at 06/07/2024 17:16:52.
Logged at 06/07/2024 17:17:02.
Logged at 06/07/2024 17:17:12.
Logged at 06/07/2024 17:17:22.
Logged at 06/07/2024 17:17:32.
Logged at 06/07/2024 17:17:42.
Logged at 06/07/2024 17:17:52.
Logged at 06/07/2024 17:18:02.
Logged at 06/07/2024 17:18:12.
Logged at 06/07/2024 17:18:22.
Logged at 06/07/2024 17:18:32.
Logged at 06/07/2024 17:18:42.
Logged at 06/07/2024 17:18:52.
Logged at 06/07/2024 17:19:02.
Logged at 06/07/2024 17:19:12.
Logged at 06/07/2024 17:19:22.
Logged at 06/07/2024 17:19:32.
Logged at 06/07/2024 17:19:42.
Logged at 06/07/2024 17:19:52.
Logged at 06/07/2024 17:20:02.
Logged at 06/07/2024 17:20:12.
Logged at 06/07/2024 17:20:22.
Logged at 06/07/2024 17:20:32.
Logged at 06/07/2024 17:20:42.
Logged at 06/07/2024 17:20:52.
Logged at 06/07/2024 17:21:02.
Logged at 06/07/2024 17:21:12.
Logged at 06/07/2024 17:21:22.
Logged at 06/07/2024 17:21:32.
Logged at 06/07/2024 17:21:42.
Logged at 06/07/2024 17:21:52.
Logged at 06/07/2024 17:22:02.
Logged at 06/07/2024 17:22:12.
Logged at 06/07/2024 17:22:22.
Logged at 06/07/2024 17:22:32.
Logged at 06/07/2024 17:22:42.
Logged at 06/07/2024 17:22:52.
Logged at 06/07/2024 17:23:02.
Logged at 06/07/2024 17:23:12.
Logged at 06/07/2024 17:23:22.
